INFO     log:logger_util.py:61 
-------------接口请求开始-----------
INFO     log:logger_util.py:61 接口名称：查询数据(变量触发聚合表)
INFO     log:logger_util.py:61 接口方式：post
INFO     log:logger_util.py:61 接口路径：http://127.0.0.1:18000/api/v1/data/original
INFO     log:logger_util.py:61 请求头：{'Content-Type': 'application/json;charset=UTF-8', 'X-Project': 'e2f8b58f0d8a4f8e8dd79afd4566ec0d'}
INFO     log:logger_util.py:61 请求参数：{'dataSetId': 'dce71133-5f18-48bf-91f8-681b46abaf56', 'tableName': '变量触发聚合表', 'limit': 500}
INFO     log:logger_util.py:61 文件上传：None
INFO     log:logger_util.py:65 断言失败:G1不大于1
INFO     log:logger_util.py:61 实际结果：[{'_id': 2, '记录时间': '2024-07-24 13:34:04', '__$按年分组_year': '2024-01-01 00:00:00', '__$按年分组_month': '2024-01-01 00:00:00', '__$按年分组_day': '2024-01-01 00:00:00', '__$按年分组_hour': '2024-01-01 00:00:00', '__$按年分组_minute': '2024-01-01 00:00:00', '__$按年分组_quarter': '2024-01-01 00:00:00', '__$按年分组_week': '2024-01-01 00:00:00', '__$按季度分组_year': '2024-01-01 00:00:00', '__$按季度分组_month': '2024-07-01 00:00:00', '__$按季度分组_day': '2024-07-01 00:00:00', '__$按季度分组_hour': '2024-07-01 00:00:00', '__$按季度分组_minute': '2024-07-01 00:00:00', '__$按季度分组_quarter': '2024-07-01 00:00:00', '__$按季度分组_week': '2024-07-01 00:00:00', '__$按月分组_year': '2024-01-01 00:00:00', '__$按月分组_month': '2024-07-01 00:00:00', '__$按月分组_day': '2024-07-01 00:00:00', '__$按月分组_hour': '2024-07-01 00:00:00', '__$按月分组_minute': '2024-07-01 00:00:00', '__$按月分组_quarter': '2024-07-01 00:00:00', '__$按月分组_week': '2024-07-01 00:00:00', '__$按周分组_year': '2024-01-01 00:00:00', '__$按周分组_month': '2024-07-01 00:00:00', '__$按周分组_day': '2024-07-22 00:00:00', '__$按周分组_hour': '2024-07-22 00:00:00', '__$按周分组_minute': '2024-07-22 00:00:00', '__$按周分组_quarter': '2024-07-01 00:00:00', '__$按周分组_week': '2024-07-22 00:00:00', '__$按日分组_year': '2024-01-01 00:00:00', '__$按日分组_month': '2024-07-01 00:00:00', '__$按日分组_day': '2024-07-24 00:00:00', '__$按日分组_hour': '2024-07-24 00:00:00', '__$按日分组_minute': '2024-07-24 00:00:00', '__$按日分组_quarter': '2024-07-01 00:00:00', '__$按日分组_week': '2024-07-22 00:00:00', '__$按小时分组_year': '2024-01-01 00:00:00', '__$按小时分组_month': '2024-07-01 00:00:00', '__$按小时分组_day': '2024-07-24 00:00:00', '__$按小时分组_hour': '2024-07-24 13:00:00', '__$按小时分组_minute': '2024-07-24 13:00:00', '__$按小时分组_quarter': '2024-07-01 00:00:00', '__$按小时分组_week': '2024-07-22 00:00:00', '__$按分钟分组_year': '2024-01-01 00:00:00', '__$按分钟分组_month': '2024-07-01 00:00:00', '__$按分钟分组_day': '2024-07-24 00:00:00', '__$按分钟分组_hour': '2024-07-24 13:00:00', '__$按分钟分组_minute': '2024-07-24 13:34:00', '__$按分钟分组_quarter': '2024-07-01 00:00:00', '__$按分钟分组_week': '2024-07-22 00:00:00', '__$系统时间_year': '2024-01-01 00:00:00', '__$系统时间_month': '2024-07-01 00:00:00', '__$系统时间_day': '2024-07-24 00:00:00', '__$系统时间_hour': '2024-07-24 13:00:00', '__$系统时间_minute': '2024-07-24 13:34:00', '__$系统时间_quarter': '2024-07-01 00:00:00', '__$系统时间_week': '2024-07-22 00:00:00', '__$DATE1_year': '2023-01-01 00:00:00', '__$DATE1_month': '2023-06-01 00:00:00', '__$DATE1_day': '2023-06-19 00:00:00', '__$DATE1_hour': '2023-06-19 00:00:00', '__$DATE1_minute': '2023-06-19 00:00:00', '__$DATE1_quarter': '2023-04-01 00:00:00', '__$DATE1_week': '2023-06-19 00:00:00', '__$TODAY1_year': '2024-01-01 00:00:00', '__$TODAY1_month': '2024-07-01 00:00:00', '__$TODAY1_day': '2024-07-24 00:00:00', '__$TODAY1_hour': '2024-07-24 00:00:00', '__$TODAY1_minute': '2024-07-24 00:00:00', '__$TODAY1_quarter': '2024-07-01 00:00:00', '__$TODAY1_week': '2024-07-22 00:00:00', '按年分组': '2024', '按季度分组': '2024-03', '按月分组': '2024-07', '按周分组': '2024-30', '按日分组': '2024-07-24', '按小时分组': '2024-07-24 13', '按分钟分组': '2024-07-24 13:34', 'A1': 22.0, 'B1': 154.912, 'G1': 0.0, 'ROUND1': 154.9, 'ROUNDUP1': 155.0, 'ROUNDDOWN1': 154.9, 'SUM1': 176.912, 'AVERAGE1': 88.456, 'COUNT1': 2.0, 'COUNTA1': 2.0, 'MAX1': 154.912, 'MEDIAN1': 88.456, 'MIN1': 22.0, 'ABS1': 154.912, 'max_B1': 154.912, 'min_B1': 154.912, '系统时间': '2024-07-24 13:34:01', 'DATE1': '2023-06-19 00:00:00', 'DAY1': '24', 'DAYS1': '18', 'HOUR1': '13', 'MINUTE1': '34', 'MONTH1': '7', 'NOW1': '2024-07-24 13:34:04', 'SECOND1': '1', 'YEAR1': '2024', 'TODAY1': '2024-07-24 00:00:00', '差值3年': 3.0, '差值5月': 5.0, '差值177天': 177.0, '差值4249时': 4249.0, '差值254955分': 254955.0, '差值15297325秒': 15297325.0, 'H1': 'Abcf', 'CHAR1': '\\', 'CONCATENATE1': 'Abcf123', 'LEFT2': 'Ab', 'LEN1': '4', 'LOWER1': 'abcf', 'MID12': 'Ab', 'REPLACE1': '替换cf', 'RIGHT1': 'cf', 'TODATE1': '2023-06-19 00:00:00', 'TRIM1': 'Abcf', 'UPPER1': 'ABCF', '去空格后长度': '4', 'AND1': '0', 'FALSE1': '0', 'TRUE1': '1', 'IF1': '及格', 'NOT_true1': '0', 'NOT_false1': '1', 'OR1': '0', 'B1求和': 154.912, 'B1平均': 77.456, 'B1最大': 77.456, 'B1最小': 77.456, 'B1去重': 1.0, 'B1计数': 2.0}, {'_id': 1, '记录时间': '2024-07-24 13:34:04', '__$按年分组_year': '2024-01-01 00:00:00', '__$按年分组_month': '2024-01-01 00:00:00', '__$按年分组_day': '2024-01-01 00:00:00', '__$按年分组_hour': '2024-01-01 00:00:00', '__$按年分组_minute': '2024-01-01 00:00:00', '__$按年分组_quarter': '2024-01-01 00:00:00', '__$按年分组_week': '2024-01-01 00:00:00', '__$按季度分组_year': '2024-01-01 00:00:00', '__$按季度分组_month': '2024-07-01 00:00:00', '__$按季度分组_day': '2024-07-01 00:00:00', '__$按季度分组_hour': '2024-07-01 00:00:00', '__$按季度分组_minute': '2024-07-01 00:00:00', '__$按季度分组_quarter': '2024-07-01 00:00:00', '__$按季度分组_week': '2024-07-01 00:00:00', '__$按月分组_year': '2024-01-01 00:00:00', '__$按月分组_month': '2024-07-01 00:00:00', '__$按月分组_day': '2024-07-01 00:00:00', '__$按月分组_hour': '2024-07-01 00:00:00', '__$按月分组_minute': '2024-07-01 00:00:00', '__$按月分组_quarter': '2024-07-01 00:00:00', '__$按月分组_week': '2024-07-01 00:00:00', '__$按周分组_year': '2024-01-01 00:00:00', '__$按周分组_month': '2024-07-01 00:00:00', '__$按周分组_day': '2024-07-22 00:00:00', '__$按周分组_hour': '2024-07-22 00:00:00', '__$按周分组_minute': '2024-07-22 00:00:00', '__$按周分组_quarter': '2024-07-01 00:00:00', '__$按周分组_week': '2024-07-22 00:00:00', '__$按日分组_year': '2024-01-01 00:00:00', '__$按日分组_month': '2024-07-01 00:00:00', '__$按日分组_day': '2024-07-24 00:00:00', '__$按日分组_hour': '2024-07-24 00:00:00', '__$按日分组_minute': '2024-07-24 00:00:00', '__$按日分组_quarter': '2024-07-01 00:00:00', '__$按日分组_week': '2024-07-22 00:00:00', '__$按小时分组_year': '2024-01-01 00:00:00', '__$按小时分组_month': '2024-07-01 00:00:00', '__$按小时分组_day': '2024-07-24 00:00:00', '__$按小时分组_hour': '2024-07-24 13:00:00', '__$按小时分组_minute': '2024-07-24 13:00:00', '__$按小时分组_quarter': '2024-07-01 00:00:00', '__$按小时分组_week': '2024-07-22 00:00:00', '__$按分钟分组_year': '2024-01-01 00:00:00', '__$按分钟分组_month': '2024-07-01 00:00:00', '__$按分钟分组_day': '2024-07-24 00:00:00', '__$按分钟分组_hour': '2024-07-24 13:00:00', '__$按分钟分组_minute': '2024-07-24 13:33:00', '__$按分钟分组_quarter': '2024-07-01 00:00:00', '__$按分钟分组_week': '2024-07-22 00:00:00', '__$系统时间_year': '2024-01-01 00:00:00', '__$系统时间_month': '2024-07-01 00:00:00', '__$系统时间_day': '2024-07-24 00:00:00', '__$系统时间_hour': '2024-07-24 13:00:00', '__$系统时间_minute': '2024-07-24 13:33:00', '__$系统时间_quarter': '2024-07-01 00:00:00', '__$系统时间_week': '2024-07-22 00:00:00', '__$DATE1_year': '2023-01-01 00:00:00', '__$DATE1_month': '2023-06-01 00:00:00', '__$DATE1_day': '2023-06-19 00:00:00', '__$DATE1_hour': '2023-06-19 00:00:00', '__$DATE1_minute': '2023-06-19 00:00:00', '__$DATE1_quarter': '2023-04-01 00:00:00', '__$DATE1_week': '2023-06-19 00:00:00', '__$TODAY1_year': '2024-01-01 00:00:00', '__$TODAY1_month': '2024-07-01 00:00:00', '__$TODAY1_day': '2024-07-24 00:00:00', '__$TODAY1_hour': '2024-07-24 00:00:00', '__$TODAY1_minute': '2024-07-24 00:00:00', '__$TODAY1_quarter': '2024-07-01 00:00:00', '__$TODAY1_week': '2024-07-22 00:00:00', '按年分组': '2024', '按季度分组': '2024-03', '按月分组': '2024-07', '按周分组': '2024-30', '按日分组': '2024-07-24', '按小时分组': '2024-07-24 13', '按分钟分组': '2024-07-24 13:33', 'A1': 209.0, 'B1': 1471.664, 'G1': 6.0, 'ROUND1': 1471.7, 'ROUNDUP1': 1471.7, 'ROUNDDOWN1': 1471.6, 'SUM1': 1680.664, 'AVERAGE1': 840.332, 'COUNT1': 2.0, 'COUNTA1': 2.0, 'MAX1': 1471.664, 'MEDIAN1': 840.332, 'MIN1': 209.0, 'ABS1': 1471.664, 'max_B1': 1471.664, 'min_B1': 1471.664, '系统时间': '2024-07-24 13:33:59', 'DATE1': '2023-06-19 00:00:00', 'DAY1': '24', 'DAYS1': '18', 'HOUR1': '13', 'MINUTE1': '33', 'MONTH1': '7', 'NOW1': '2024-07-24 13:34:04', 'SECOND1': '59', 'YEAR1': '2024', 'TODAY1': '2024-07-24 00:00:00', '差值3年': 3.0, '差值5月': 5.0, '差值177天': 177.0, '差值4249时': 4249.0, '差值254955分': 254955.0, '差值15297325秒': 15297325.0, 'H1': 'Abcf', 'CHAR1': '\\', 'CONCATENATE1': 'Abcf123', 'LEFT2': 'Ab', 'LEN1': '4', 'LOWER1': 'abcf', 'MID12': 'Ab', 'REPLACE1': '替换cf', 'RIGHT1': 'cf', 'TODATE1': '2023-06-19 00:00:00', 'TRIM1': 'Abcf', 'UPPER1': 'ABCF', '去空格后长度': '4', 'AND1': '0', 'FALSE1': '0', 'TRUE1': '1', 'IF1': '及格', 'NOT_true1': '0', 'NOT_false1': '1', 'OR1': '0', 'B1求和': 1471.664, 'B1平均': 77.456, 'B1最大': 77.456, 'B1最小': 77.456, 'B1去重': 1.0, 'B1计数': 19.0}]
INFO     log:logger_util.py:61 接口请求失败！
INFO     log:logger_util.py:61 -------------接口请求结束-----------

INFO     log:logger_util.py:65 断言异常：异常信息: Traceback (most recent call last):
  File "D:\CMS2.0_API\EOS_API_AUTOMATION_TEST\common\requests_util.py", line 448, in validate_result
    error_log("断言失败:" + assert_key + "不大于" + str(assert_value))
  File "D:\CMS2.0_API\EOS_API_AUTOMATION_TEST\common\logger_util.py", line 66, in error_log
    raise Exception(log_message)
Exception: 断言失败:G1不大于1

INFO     log:logger_util.py:65 分析YAML文件异常：异常信息: Traceback (most recent call last):
  File "D:\CMS2.0_API\EOS_API_AUTOMATION_TEST\common\requests_util.py", line 448, in validate_result
    error_log("断言失败:" + assert_key + "不大于" + str(assert_value))
  File "D:\CMS2.0_API\EOS_API_AUTOMATION_TEST\common\logger_util.py", line 66, in error_log
    raise Exception(log_message)
Exception: 断言失败:G1不大于1

During handling of the above exception, another exception occurred:

Traceback (most recent call last):
  File "D:\CMS2.0_API\EOS_API_AUTOMATION_TEST\common\requests_util.py", line 248, in analysis_yaml
    self.validate_result(yq_result, return_data, status_code)
  File "D:\CMS2.0_API\EOS_API_AUTOMATION_TEST\common\requests_util.py", line 481, in validate_result
    error_log("断言异常：异常信息: %s" % str(traceback.format_exc()))
  File "D:\CMS2.0_API\EOS_API_AUTOMATION_TEST\common\logger_util.py", line 66, in error_log
    raise Exception(log_message)
Exception: 断言异常：异常信息: Traceback (most recent call last):
  File "D:\CMS2.0_API\EOS_API_AUTOMATION_TEST\common\requests_util.py", line 448, in validate_result
    error_log("断言失败:" + assert_key + "不大于" + str(assert_value))
  File "D:\CMS2.0_API\EOS_API_AUTOMATION_TEST\common\logger_util.py", line 66, in error_log
    raise Exception(log_message)
Exception: 断言失败:G1不大于1